--------- beginning of main
03-14 14:36:50.230 24153 24163 D PresenceGatt: onConnectionStateChange device=6A:BD:04:14:86:B7 status=0 newState=2
03-14 14:36:50.566 24153 24163 D PresenceGatt: CCCD device=6A:BD:04:14:86:B7 enabled=true
03-14 14:36:50.664 24153 24163 D PresenceGatt: HELLO_WRITE_REQ addr=6A:BD:04:14:86:B7 prepared=false responseNeeded=false offset=0 bytes=215
03-14 14:36:50.667 24153 24163 D PresenceGatt: HELLO_RX addr=6A:BD:04:14:86:B7 bytes=215 ver=1 sid=16 nonce=32
03-14 14:36:50.675 24153 24163 D PresenceGatt: REPLY_TX addr=6A:BD:04:14:86:B7 ok=true bytes=312
03-14 14:36:50.677 24153 24163 E PresenceHandshake: PP_HANDSHAKE HANDSHAKE_COMPLETE peer=6A:BD:04:14:86:B7 rewardPeer=753c88d3-9fad-4b79-b686-108683dbcc7e|e11fe125-bacf-4485-8ccd-d0c353a3f965
03-14 14:36:50.677 24153 24163 E PresenceHandshake: PP_SUPPRESS cooldown peer=753c88d3-9fad-4b79-b686-108683dbcc7e|e11fe125-bacf-4485-8ccd-d0c353a3f965 cooldownMs=179163
03-14 14:36:50.760 24153 24163 D PresenceGatt: RESULT_RX addr=6A:BD:04:14:86:B7 bytes=2
03-14 14:36:50.760 24153 24163 E PresenceGatt: PP_HANDSHAKE HANDSHAKE_COMPLETE peer=6A:BD:04:14:86:B7
03-14 14:36:51.794 24153 24163 D PresenceGatt: onConnectionStateChange device=6A:BD:04:14:86:B7 status=0 newState=0
03-14 14:37:20.748 24153 24163 D PresenceGatt: onConnectionStateChange device=46:D2:83:AB:56:12 status=0 newState=2
03-14 14:37:21.083 24153 24732 D PresenceGatt: CCCD device=46:D2:83:AB:56:12 enabled=true
03-14 14:37:21.282 24153 24732 D PresenceGatt: HELLO_WRITE_REQ addr=46:D2:83:AB:56:12 prepared=false responseNeeded=false offset=0 bytes=215
03-14 14:37:21.284 24153 24732 D PresenceGatt: HELLO_RX addr=46:D2:83:AB:56:12 bytes=215 ver=1 sid=16 nonce=32
03-14 14:37:21.294 24153 24732 D PresenceGatt: REPLY_TX addr=46:D2:83:AB:56:12 ok=true bytes=312
03-14 14:37:21.297 24153 24732 E PresenceHandshake: PP_HANDSHAKE HANDSHAKE_COMPLETE peer=46:D2:83:AB:56:12 rewardPeer=753c88d3-9fad-4b79-b686-108683dbcc7e|e11fe125-bacf-4485-8ccd-d0c353a3f965
03-14 14:37:21.297 24153 24732 E PresenceHandshake: PP_SUPPRESS cooldown peer=753c88d3-9fad-4b79-b686-108683dbcc7e|e11fe125-bacf-4485-8ccd-d0c353a3f965 cooldownMs=148544
03-14 14:37:21.378 24153 24163 D PresenceGatt: RESULT_RX addr=46:D2:83:AB:56:12 bytes=2
03-14 14:37:21.379 24153 24163 E PresenceGatt: PP_HANDSHAKE HANDSHAKE_COMPLETE peer=46:D2:83:AB:56:12
03-14 14:37:22.408 24153 24163 D PresenceGatt: onConnectionStateChange device=46:D2:83:AB:56:12 status=0 newState=0
03-14 14:37:50.877 24153 24732 D PresenceGatt: onConnectionStateChange device=6E:3A:94:BD:AC:8F status=0 newState=2
03-14 14:37:51.212 24153 24163 D PresenceGatt: CCCD device=6E:3A:94:BD:AC:8F enabled=true
03-14 14:37:51.404 24153 24163 D PresenceGatt: HELLO_WRITE_REQ addr=6E:3A:94:BD:AC:8F prepared=false responseNeeded=false offset=0 bytes=215
03-14 14:37:51.406 24153 24163 D PresenceGatt: HELLO_RX addr=6E:3A:94:BD:AC:8F bytes=215 ver=1 sid=16 nonce=32
03-14 14:37:51.411 24153 24163 D PresenceGatt: REPLY_TX addr=6E:3A:94:BD:AC:8F ok=true bytes=312
03-14 14:37:51.414 24153 24163 E PresenceHandshake: PP_HANDSHAKE HANDSHAKE_COMPLETE peer=6E:3A:94:BD:AC:8F rewardPeer=753c88d3-9fad-4b79-b686-108683dbcc7e|e11fe125-bacf-4485-8ccd-d0c353a3f965
03-14 14:37:51.414 24153 24163 E PresenceHandshake: PP_SUPPRESS cooldown peer=753c88d3-9fad-4b79-b686-108683dbcc7e|e11fe125-bacf-4485-8ccd-d0c353a3f965 cooldownMs=118427
03-14 14:37:51.505 24153 24732 D PresenceGatt: RESULT_RX addr=6E:3A:94:BD:AC:8F bytes=2
03-14 14:37:51.505 24153 24732 E PresenceGatt: PP_HANDSHAKE HANDSHAKE_COMPLETE peer=6E:3A:94:BD:AC:8F
03-14 14:37:52.534 24153 24732 D PresenceGatt: onConnectionStateChange device=6E:3A:94:BD:AC:8F status=0 newState=0
03-14 14:38:20.904 24153 24166 D PresenceGatt: onConnectionStateChange device=56:94:0C:00:5E:AC status=0 newState=2
03-14 14:38:21.290 24153 24166 D PresenceGatt: CCCD device=56:94:0C:00:5E:AC enabled=true
03-14 14:38:21.394 24153 24166 D PresenceGatt: HELLO_WRITE_REQ addr=56:94:0C:00:5E:AC prepared=false responseNeeded=false offset=0 bytes=215
03-14 14:38:21.395 24153 24166 D PresenceGatt: HELLO_RX addr=56:94:0C:00:5E:AC bytes=215 ver=1 sid=16 nonce=32
03-14 14:38:21.402 24153 24166 D PresenceGatt: REPLY_TX addr=56:94:0C:00:5E:AC ok=true bytes=312
03-14 14:38:21.404 24153 24166 E PresenceHandshake: PP_HANDSHAKE HANDSHAKE_COMPLETE peer=56:94:0C:00:5E:AC rewardPeer=753c88d3-9fad-4b79-b686-108683dbcc7e|e11fe125-bacf-4485-8ccd-d0c353a3f965
03-14 14:38:21.404 24153 24166 E PresenceHandshake: PP_SUPPRESS cooldown peer=753c88d3-9fad-4b79-b686-108683dbcc7e|e11fe125-bacf-4485-8ccd-d0c353a3f965 cooldownMs=88437
03-14 14:38:21.487 24153 24166 D PresenceGatt: RESULT_RX addr=56:94:0C:00:5E:AC bytes=2
03-14 14:38:21.487 24153 24166 E PresenceGatt: PP_HANDSHAKE HANDSHAKE_COMPLETE peer=56:94:0C:00:5E:AC
03-14 14:38:22.513 24153 24732 D PresenceGatt: onConnectionStateChange device=56:94:0C:00:5E:AC status=0 newState=0
03-14 14:38:51.132 24153 24166 D PresenceGatt: onConnectionStateChange device=60:B7:F3:CD:10:34 status=0 newState=2
03-14 14:38:51.469 24153 24166 D PresenceGatt: CCCD device=60:B7:F3:CD:10:34 enabled=true
03-14 14:38:51.567 24153 24166 D PresenceGatt: HELLO_WRITE_REQ addr=60:B7:F3:CD:10:34 prepared=false responseNeeded=false offset=0 bytes=215
03-14 14:38:51.569 24153 24166 D PresenceGatt: HELLO_RX addr=60:B7:F3:CD:10:34 bytes=215 ver=1 sid=16 nonce=32
03-14 14:38:51.575 24153 24166 D PresenceGatt: REPLY_TX addr=60:B7:F3:CD:10:34 ok=true bytes=312
03-14 14:38:51.578 24153 24166 E PresenceHandshake: PP_HANDSHAKE HANDSHAKE_COMPLETE peer=60:B7:F3:CD:10:34 rewardPeer=753c88d3-9fad-4b79-b686-108683dbcc7e|e11fe125-bacf-4485-8ccd-d0c353a3f965
03-14 14:38:51.578 24153 24166 E PresenceHandshake: PP_SUPPRESS cooldown peer=753c88d3-9fad-4b79-b686-108683dbcc7e|e11fe125-bacf-4485-8ccd-d0c353a3f965 cooldownMs=58262
03-14 14:38:51.710 24153 24166 D PresenceGatt: RESULT_RX addr=60:B7:F3:CD:10:34 bytes=2
03-14 14:38:51.710 24153 24166 E PresenceGatt: PP_HANDSHAKE HANDSHAKE_COMPLETE peer=60:B7:F3:CD:10:34
03-14 14:38:52.788 24153 24166 D PresenceGatt: onConnectionStateChange device=60:B7:F3:CD:10:34 status=0 newState=0
03-14 14:39:22.091 24153 24732 D PresenceGatt: onConnectionStateChange device=63:70:3D:54:80:13 status=0 newState=2
03-14 14:39:22.423 24153 24732 D PresenceGatt: CCCD device=63:70:3D:54:80:13 enabled=true
03-14 14:39:22.525 24153 24732 D PresenceGatt: HELLO_WRITE_REQ addr=63:70:3D:54:80:13 prepared=false responseNeeded=false offset=0 bytes=215
03-14 14:39:22.527 24153 24732 D PresenceGatt: HELLO_RX addr=63:70:3D:54:80:13 bytes=215 ver=1 sid=16 nonce=32
03-14 14:39:22.533 24153 24732 D PresenceGatt: REPLY_TX addr=63:70:3D:54:80:13 ok=true bytes=311
03-14 14:39:22.535 24153 24732 E PresenceHandshake: PP_HANDSHAKE HANDSHAKE_COMPLETE peer=63:70:3D:54:80:13 rewardPeer=753c88d3-9fad-4b79-b686-108683dbcc7e|e11fe125-bacf-4485-8ccd-d0c353a3f965
03-14 14:39:22.535 24153 24732 E PresenceHandshake: PP_SUPPRESS cooldown peer=753c88d3-9fad-4b79-b686-108683dbcc7e|e11fe125-bacf-4485-8ccd-d0c353a3f965 cooldownMs=27305
03-14 14:39:22.669 24153 24732 D PresenceGatt: RESULT_RX addr=63:70:3D:54:80:13 bytes=2
03-14 14:39:22.670 24153 24732 E PresenceGatt: PP_HANDSHAKE HANDSHAKE_COMPLETE peer=63:70:3D:54:80:13
03-14 14:39:23.698 24153 24166 D PresenceGatt: onConnectionStateChange device=63:70:3D:54:80:13 status=0 newState=0
03-14 14:39:51.682 24153 24166 D PresenceGatt: onConnectionStateChange device=60:44:58:42:11:3C status=0 newState=2
03-14 14:39:52.015 24153 24166 D PresenceGatt: CCCD device=60:44:58:42:11:3C enabled=true
03-14 14:39:52.112 24153 24166 D PresenceGatt: HELLO_WRITE_REQ addr=60:44:58:42:11:3C prepared=false responseNeeded=false offset=0 bytes=215
03-14 14:39:52.115 24153 24166 D PresenceGatt: HELLO_RX addr=60:44:58:42:11:3C bytes=215 ver=1 sid=16 nonce=32
03-14 14:39:52.122 24153 24166 D PresenceGatt: REPLY_TX addr=60:44:58:42:11:3C ok=true bytes=312
03-14 14:39:52.124 24153 24166 E PresenceHandshake: PP_HANDSHAKE HANDSHAKE_COMPLETE peer=60:44:58:42:11:3C rewardPeer=753c88d3-9fad-4b79-b686-108683dbcc7e|e11fe125-bacf-4485-8ccd-d0c353a3f965
03-14 14:39:52.125 24153 24166 E PresenceHandshake: PP_HANDSHAKE DEVICE_B_SIGNATURE peer=60:44:58:42:11:3C value=MEUCIQCat+njlp3EsAlJMJk9asVdZPIRD2PpCMmxhAWCFovtzAIgX6Xpb+2eU+y+C5Soxdw0A84qjgAfOb/dLyyWeUcpZWk=
03-14 14:39:52.125 24153 24166 E PresenceHandshake: PP_VERIFY deviceASignatureValid=false peer=60:44:58:42:11:3C
03-14 14:39:52.125 24153 24166 E PresenceHandshake: PP_VERIFY deviceBSignatureValid=true peer=60:44:58:42:11:3C
03-14 14:39:52.126 24153 24166 E PresenceHandshake: PP_TICKET GENERATED encounterId=0f643bed-3dec-43f9-4494-830914427d72 peer=753c88d3-9fad-4b79-b686-108683dbcc7e|e11fe125-bacf-4485-8ccd-d0c353a3f965
03-14 14:39:52.126 24153 24166 E PresenceHandshake: PP_TICKET JSON {"encounterId":"0f643bed-3dec-43f9-4494-830914427d72","deviceAEphemeralKey":"ephemeral_missing","deviceBEphemeralKey":"753c88d3-9fad-4b79-b686-108683dbcc7e|e11fe125-bacf-4485-8ccd-d0c353a3f965","helloHash":"02eb2b6939c892df3628c3ac69dac037a5a61979c5b6a46f422824be0fb6e5d5","replyHash":"5879e9b963edada9fff5906690b510fa933d6d10a74ea305e043b6c85e0253ed","handshakeTimestamp":1773452391000,"heartbeatId":118230159,"epochId":9852513,"heartbeatIndexInEpoch":3,"nonce":"5b8542c9-2f3a-402d-8d1c-e82ee5101fd6","protocolVersion":"presence_v1","appVersion":"0.1-server","deviceASignature":"device_a_sig_missing","deviceBSignature":"MEUCIQCat+njlp3EsAlJMJk9asVdZPIRD2PpCMmxhAWCFovtzAIgX6Xpb+2eU+y+C5Soxdw0A84qjgAfOb/dLyyWeUcpZWk="}
03-14 14:39:52.128 24153 24166 E PresenceHandshake: PP_TICKET_PERSISTED encounterId=0f643bed-3dec-43f9-4494-830914427d72 peer=753c88d3-9fad-4b79-b686-108683dbcc7e|e11fe125-bacf-4485-8ccd-d0c353a3f965 ok=true
03-14 14:39:52.258 24153 24732 D PresenceGatt: RESULT_RX addr=60:44:58:42:11:3C bytes=2
03-14 14:39:52.258 24153 24732 E PresenceGatt: PP_HANDSHAKE HANDSHAKE_COMPLETE peer=60:44:58:42:11:3C
03-14 14:39:53.287 24153 24732 D PresenceGatt: onConnectionStateChange device=60:44:58:42:11:3C status=0 newState=0
03-14 14:41:53.119 24153 24732 D PresenceGatt: onConnectionStateChange device=70:90:8D:A7:F9:C8 status=0 newState=2
03-14 14:41:53.452 24153 24732 D PresenceGatt: CCCD device=70:90:8D:A7:F9:C8 enabled=true
03-14 14:41:53.653 24153 24732 D PresenceGatt: HELLO_WRITE_REQ addr=70:90:8D:A7:F9:C8 prepared=false responseNeeded=false offset=0 bytes=215
03-14 14:41:53.655 24153 24732 D PresenceGatt: HELLO_RX addr=70:90:8D:A7:F9:C8 bytes=215 ver=1 sid=16 nonce=32
03-14 14:41:53.663 24153 24732 D PresenceGatt: REPLY_TX addr=70:90:8D:A7:F9:C8 ok=true bytes=311
03-14 14:41:53.668 24153 24732 E PresenceHandshake: PP_HANDSHAKE HANDSHAKE_COMPLETE peer=70:90:8D:A7:F9:C8 rewardPeer=753c88d3-9fad-4b79-b686-108683dbcc7e|e11fe125-bacf-4485-8ccd-d0c353a3f965
03-14 14:41:53.669 24153 24732 E PresenceHandshake: PP_SUPPRESS cooldown peer=753c88d3-9fad-4b79-b686-108683dbcc7e|e11fe125-bacf-4485-8ccd-d0c353a3f965 cooldownMs=178456
03-14 14:41:53.747 24153 24166 D PresenceGatt: RESULT_RX addr=70:90:8D:A7:F9:C8 bytes=2
03-14 14:41:53.747 24153 24166 E PresenceGatt: PP_HANDSHAKE HANDSHAKE_COMPLETE peer=70:90:8D:A7:F9:C8
03-14 14:41:54.775 24153 24732 D PresenceGatt: onConnectionStateChange device=70:90:8D:A7:F9:C8 status=0 newState=0
03-14 14:42:25.148 24153 24166 D PresenceGatt: onConnectionStateChange device=7C:68:CE:C1:CC:04 status=0 newState=2
03-14 14:42:25.482 24153 24166 D PresenceGatt: CCCD device=7C:68:CE:C1:CC:04 enabled=true
03-14 14:42:25.584 24153 24166 D PresenceGatt: HELLO_WRITE_REQ addr=7C:68:CE:C1:CC:04 prepared=false responseNeeded=false offset=0 bytes=215
03-14 14:42:25.585 24153 24166 D PresenceGatt: HELLO_RX addr=7C:68:CE:C1:CC:04 bytes=215 ver=1 sid=16 nonce=32
03-14 14:42:25.592 24153 24166 D PresenceGatt: REPLY_TX addr=7C:68:CE:C1:CC:04 ok=true bytes=312
03-14 14:42:25.595 24153 24166 E PresenceHandshake: PP_HANDSHAKE HANDSHAKE_COMPLETE peer=7C:68:CE:C1:CC:04 rewardPeer=753c88d3-9fad-4b79-b686-108683dbcc7e|e11fe125-bacf-4485-8ccd-d0c353a3f965
03-14 14:42:25.595 24153 24166 E PresenceHandshake: PP_SUPPRESS cooldown peer=753c88d3-9fad-4b79-b686-108683dbcc7e|e11fe125-bacf-4485-8ccd-d0c353a3f965 cooldownMs=146530
03-14 14:42:25.726 24153 24166 D PresenceGatt: RESULT_RX addr=7C:68:CE:C1:CC:04 bytes=2
03-14 14:42:25.727 24153 24166 E PresenceGatt: PP_HANDSHAKE HANDSHAKE_COMPLETE peer=7C:68:CE:C1:CC:04
03-14 14:42:26.759 24153 24166 D PresenceGatt: onConnectionStateChange device=7C:68:CE:C1:CC:04 status=0 newState=0
03-14 14:42:55.230 24153 24732 D PresenceGatt: onConnectionStateChange device=70:D2:8A:0E:5A:51 status=0 newState=2
03-14 14:42:55.560 24153 24732 D PresenceGatt: CCCD device=70:D2:8A:0E:5A:51 enabled=true
03-14 14:42:55.665 24153 24732 D PresenceGatt: HELLO_WRITE_REQ addr=70:D2:8A:0E:5A:51 prepared=false responseNeeded=false offset=0 bytes=215
03-14 14:42:55.667 24153 24732 D PresenceGatt: HELLO_RX addr=70:D2:8A:0E:5A:51 bytes=215 ver=1 sid=16 nonce=32
03-14 14:42:55.673 24153 24732 D PresenceGatt: REPLY_TX addr=70:D2:8A:0E:5A:51 ok=true bytes=311
03-14 14:42:55.676 24153 24732 E PresenceHandshake: PP_HANDSHAKE HANDSHAKE_COMPLETE peer=70:D2:8A:0E:5A:51 rewardPeer=753c88d3-9fad-4b79-b686-108683dbcc7e|e11fe125-bacf-4485-8ccd-d0c353a3f965
03-14 14:42:55.676 24153 24732 E PresenceHandshake: PP_SUPPRESS cooldown peer=753c88d3-9fad-4b79-b686-108683dbcc7e|e11fe125-bacf-4485-8ccd-d0c353a3f965 cooldownMs=116449
03-14 14:42:55.811 24153 24732 D PresenceGatt: RESULT_RX addr=70:D2:8A:0E:5A:51 bytes=2
03-14 14:42:55.811 24153 24732 E PresenceGatt: PP_HANDSHAKE HANDSHAKE_COMPLETE peer=70:D2:8A:0E:5A:51
03-14 14:42:56.833 24153 24732 D PresenceGatt: onConnectionStateChange device=70:D2:8A:0E:5A:51 status=0 newState=0
03-14 14:43:25.408 24153 24732 D PresenceGatt: onConnectionStateChange device=63:25:44:5E:62:34 status=0 newState=2
03-14 14:43:25.738 24153 24732 D PresenceGatt: CCCD device=63:25:44:5E:62:34 enabled=true
03-14 14:43:25.838 24153 24732 D PresenceGatt: HELLO_WRITE_REQ addr=63:25:44:5E:62:34 prepared=false responseNeeded=false offset=0 bytes=215
03-14 14:43:25.839 24153 24732 D PresenceGatt: HELLO_RX addr=63:25:44:5E:62:34 bytes=215 ver=1 sid=16 nonce=32
03-14 14:43:25.847 24153 24732 D PresenceGatt: REPLY_TX addr=63:25:44:5E:62:34 ok=true bytes=312
03-14 14:43:25.849 24153 24732 E PresenceHandshake: PP_HANDSHAKE HANDSHAKE_COMPLETE peer=63:25:44:5E:62:34 rewardPeer=753c88d3-9fad-4b79-b686-108683dbcc7e|e11fe125-bacf-4485-8ccd-d0c353a3f965
03-14 14:43:25.850 24153 24732 E PresenceHandshake: PP_SUPPRESS cooldown peer=753c88d3-9fad-4b79-b686-108683dbcc7e|e11fe125-bacf-4485-8ccd-d0c353a3f965 cooldownMs=86275
03-14 14:43:25.937 24153 24732 D PresenceGatt: RESULT_RX addr=63:25:44:5E:62:34 bytes=2
03-14 14:43:25.937 24153 24732 E PresenceGatt: PP_HANDSHAKE HANDSHAKE_COMPLETE peer=63:25:44:5E:62:34
03-14 14:43:26.966 24153 24732 D PresenceGatt: onConnectionStateChange device=63:25:44:5E:62:34 status=0 newState=0
03-14 14:43:56.018 24153 24166 D PresenceGatt: onConnectionStateChange device=46:A4:B0:D2:AC:BC status=0 newState=2
03-14 14:43:56.357 24153 24166 D PresenceGatt: CCCD device=46:A4:B0:D2:AC:BC enabled=true
03-14 14:43:56.454 24153 24166 D PresenceGatt: HELLO_WRITE_REQ addr=46:A4:B0:D2:AC:BC prepared=false responseNeeded=false offset=0 bytes=215
03-14 14:43:56.457 24153 24166 D PresenceGatt: HELLO_RX addr=46:A4:B0:D2:AC:BC bytes=215 ver=1 sid=16 nonce=32
03-14 14:43:56.463 24153 24166 D PresenceGatt: REPLY_TX addr=46:A4:B0:D2:AC:BC ok=true bytes=313
03-14 14:43:56.464 24153 24166 E PresenceHandshake: PP_HANDSHAKE HANDSHAKE_COMPLETE peer=46:A4:B0:D2:AC:BC rewardPeer=753c88d3-9fad-4b79-b686-108683dbcc7e|e11fe125-bacf-4485-8ccd-d0c353a3f965
03-14 14:43:56.464 24153 24166 E PresenceHandshake: PP_SUPPRESS cooldown peer=753c88d3-9fad-4b79-b686-108683dbcc7e|e11fe125-bacf-4485-8ccd-d0c353a3f965 cooldownMs=55660
03-14 14:43:56.598 24153 24166 D PresenceGatt: RESULT_RX addr=46:A4:B0:D2:AC:BC bytes=2
03-14 14:43:56.599 24153 24166 E PresenceGatt: PP_HANDSHAKE HANDSHAKE_COMPLETE peer=46:A4:B0:D2:AC:BC
03-14 14:43:57.628 24153 24166 D PresenceGatt: onConnectionStateChange device=46:A4:B0:D2:AC:BC status=0 newState=0
03-14 14:44:26.693 24153 24166 D PresenceGatt: onConnectionStateChange device=49:47:0F:70:31:24 status=0 newState=2
03-14 14:44:27.019 24153 24163 D PresenceGatt: CCCD device=49:47:0F:70:31:24 enabled=true
03-14 14:44:27.117 24153 24163 D PresenceGatt: HELLO_WRITE_REQ addr=49:47:0F:70:31:24 prepared=false responseNeeded=false offset=0 bytes=215
03-14 14:44:27.119 24153 24163 D PresenceGatt: HELLO_RX addr=49:47:0F:70:31:24 bytes=215 ver=1 sid=16 nonce=32
03-14 14:44:27.125 24153 24163 D PresenceGatt: REPLY_TX addr=49:47:0F:70:31:24 ok=true bytes=313
03-14 14:44:27.127 24153 24163 E PresenceHandshake: PP_HANDSHAKE HANDSHAKE_COMPLETE peer=49:47:0F:70:31:24 rewardPeer=753c88d3-9fad-4b79-b686-108683dbcc7e|e11fe125-bacf-4485-8ccd-d0c353a3f965
03-14 14:44:27.127 24153 24163 E PresenceHandshake: PP_SUPPRESS cooldown peer=753c88d3-9fad-4b79-b686-108683dbcc7e|e11fe125-bacf-4485-8ccd-d0c353a3f965 cooldownMs=24997
03-14 14:44:27.213 24153 24166 D PresenceGatt: RESULT_RX addr=49:47:0F:70:31:24 bytes=2
03-14 14:44:27.213 24153 24166 E PresenceGatt: PP_HANDSHAKE HANDSHAKE_COMPLETE peer=49:47:0F:70:31:24
03-14 14:44:28.243 24153 24163 D PresenceGatt: onConnectionStateChange device=49:47:0F:70:31:24 status=0 newState=0
03-14 14:44:57.059 24153 24163 D PresenceGatt: onConnectionStateChange device=54:BF:B2:82:76:C3 status=0 newState=2
03-14 14:44:57.386 24153 24163 D PresenceGatt: CCCD device=54:BF:B2:82:76:C3 enabled=true
03-14 14:44:57.485 24153 24163 D PresenceGatt: HELLO_WRITE_REQ addr=54:BF:B2:82:76:C3 prepared=false responseNeeded=false offset=0 bytes=215
03-14 14:44:57.487 24153 24163 D PresenceGatt: HELLO_RX addr=54:BF:B2:82:76:C3 bytes=215 ver=1 sid=16 nonce=32
03-14 14:44:57.491 24153 24163 D PresenceGatt: REPLY_TX addr=54:BF:B2:82:76:C3 ok=true bytes=312
03-14 14:44:57.492 24153 24163 E PresenceHandshake: PP_HANDSHAKE HANDSHAKE_COMPLETE peer=54:BF:B2:82:76:C3 rewardPeer=753c88d3-9fad-4b79-b686-108683dbcc7e|e11fe125-bacf-4485-8ccd-d0c353a3f965
03-14 14:44:57.492 24153 24163 E PresenceHandshake: PP_HANDSHAKE DEVICE_B_SIGNATURE peer=54:BF:B2:82:76:C3 value=MEUCIQCnUYhbvVAyU2AbrzpQcJT8po8WToUqVCyi4EDxthH/UQIgUqHBCZu+Bo/hcrAtv/HPMchoB4bCgAHND0BfBnZZm/M=
03-14 14:44:57.492 24153 24163 E PresenceHandshake: PP_VERIFY deviceASignatureValid=false peer=54:BF:B2:82:76:C3
03-14 14:44:57.492 24153 24163 E PresenceHandshake: PP_VERIFY deviceBSignatureValid=true peer=54:BF:B2:82:76:C3
03-14 14:44:57.492 24153 24163 E PresenceHandshake: PP_TICKET GENERATED encounterId=d3bcbd74-146a-3af7-e274-1eefc4c17220 peer=753c88d3-9fad-4b79-b686-108683dbcc7e|e11fe125-bacf-4485-8ccd-d0c353a3f965
03-14 14:44:57.492 24153 24163 E PresenceHandshake: PP_TICKET JSON {"encounterId":"d3bcbd74-146a-3af7-e274-1eefc4c17220","deviceAEphemeralKey":"ephemeral_missing","deviceBEphemeralKey":"753c88d3-9fad-4b79-b686-108683dbcc7e|e11fe125-bacf-4485-8ccd-d0c353a3f965","helloHash":"6b983c33b98d4830a7afe3b44091c324993ad493cf26c745fd97c0f054dfd535","replyHash":"2bf3ff60bdfe08ef97e1f128494e58ddeb21866d4c065f099599cc726a32210e","handshakeTimestamp":1773452696000,"heartbeatId":118230179,"epochId":9852514,"heartbeatIndexInEpoch":11,"nonce":"300ae300-b720-4de5-a6e2-5be2b7f582ea","protocolVersion":"presence_v1","appVersion":"0.1-server","deviceASignature":"device_a_sig_missing","deviceBSignature":"MEUCIQCnUYhbvVAyU2AbrzpQcJT8po8WToUqVCyi4EDxthH/UQIgUqHBCZu+Bo/hcrAtv/HPMchoB4bCgAHND0BfBnZZm/M="}
03-14 14:44:57.493 24153 24163 E PresenceHandshake: PP_TICKET_PERSISTED encounterId=d3bcbd74-146a-3af7-e274-1eefc4c17220 peer=753c88d3-9fad-4b79-b686-108683dbcc7e|e11fe125-bacf-4485-8ccd-d0c353a3f965 ok=true
03-14 14:44:57.583 24153 24163 D PresenceGatt: RESULT_RX addr=54:BF:B2:82:76:C3 bytes=2
03-14 14:44:57.583 24153 24163 E PresenceGatt: PP_HANDSHAKE HANDSHAKE_COMPLETE peer=54:BF:B2:82:76:C3
03-14 14:44:58.615 24153 24163 D PresenceGatt: onConnectionStateChange device=54:BF:B2:82:76:C3 status=0 newState=0
03-14 14:46:58.737 24153 24166 D PresenceGatt: onConnectionStateChange device=63:85:2E:8B:6E:0B status=0 newState=2
03-14 14:46:59.121 24153 24166 D PresenceGatt: CCCD device=63:85:2E:8B:6E:0B enabled=true
03-14 14:46:59.268 24153 24166 D PresenceGatt: HELLO_WRITE_REQ addr=63:85:2E:8B:6E:0B prepared=false responseNeeded=false offset=0 bytes=215
03-14 14:46:59.270 24153 24166 D PresenceGatt: HELLO_RX addr=63:85:2E:8B:6E:0B bytes=215 ver=1 sid=16 nonce=32
03-14 14:46:59.280 24153 24166 D PresenceGatt: REPLY_TX addr=63:85:2E:8B:6E:0B ok=true bytes=312
03-14 14:46:59.283 24153 24166 E PresenceHandshake: PP_HANDSHAKE HANDSHAKE_COMPLETE peer=63:85:2E:8B:6E:0B rewardPeer=753c88d3-9fad-4b79-b686-108683dbcc7e|e11fe125-bacf-4485-8ccd-d0c353a3f965
03-14 14:46:59.283 24153 24166 E PresenceHandshake: PP_SUPPRESS cooldown peer=753c88d3-9fad-4b79-b686-108683dbcc7e|e11fe125-bacf-4485-8ccd-d0c353a3f965 cooldownMs=178209
03-14 14:46:59.417 24153 24166 D PresenceGatt: RESULT_RX addr=63:85:2E:8B:6E:0B bytes=2
03-14 14:46:59.417 24153 24166 E PresenceGatt: PP_HANDSHAKE HANDSHAKE_COMPLETE peer=63:85:2E:8B:6E:0B
03-14 14:47:00.449 24153 24166 D PresenceGatt: onConnectionStateChange device=63:85:2E:8B:6E:0B status=0 newState=0
03-14 14:47:29.206 24153 24163 D PresenceGatt: onConnectionStateChange device=79:19:C8:C9:65:1D status=0 newState=2
03-14 14:47:29.541 24153 24163 D PresenceGatt: CCCD device=79:19:C8:C9:65:1D enabled=true
03-14 14:47:29.640 24153 24163 D PresenceGatt: HELLO_WRITE_REQ addr=79:19:C8:C9:65:1D prepared=false responseNeeded=false offset=0 bytes=215
03-14 14:47:29.642 24153 24163 D PresenceGatt: HELLO_RX addr=79:19:C8:C9:65:1D bytes=215 ver=1 sid=16 nonce=32
03-14 14:47:29.651 24153 24163 D PresenceGatt: REPLY_TX addr=79:19:C8:C9:65:1D ok=true bytes=312
03-14 14:47:29.653 24153 24163 E PresenceHandshake: PP_HANDSHAKE HANDSHAKE_COMPLETE peer=79:19:C8:C9:65:1D rewardPeer=753c88d3-9fad-4b79-b686-108683dbcc7e|e11fe125-bacf-4485-8ccd-d0c353a3f965
03-14 14:47:29.653 24153 24163 E PresenceHandshake: PP_SUPPRESS cooldown peer=753c88d3-9fad-4b79-b686-108683dbcc7e|e11fe125-bacf-4485-8ccd-d0c353a3f965 cooldownMs=147839
03-14 14:47:29.787 24153 24163 D PresenceGatt: RESULT_RX addr=79:19:C8:C9:65:1D bytes=2
03-14 14:47:29.787 24153 24163 E PresenceGatt: PP_HANDSHAKE HANDSHAKE_COMPLETE peer=79:19:C8:C9:65:1D
03-14 14:47:30.818 24153 24163 D PresenceGatt: onConnectionStateChange device=79:19:C8:C9:65:1D status=0 newState=0
03-14 14:47:59.679 24153 24166 D PresenceGatt: onConnectionStateChange device=43:3B:38:FE:5C:19 status=0 newState=2
03-14 14:48:00.009 24153 24166 D PresenceGatt: CCCD device=43:3B:38:FE:5C:19 enabled=true
03-14 14:48:00.158 24153 24163 D PresenceGatt: HELLO_WRITE_REQ addr=43:3B:38:FE:5C:19 prepared=false responseNeeded=false offset=0 bytes=215
03-14 14:48:00.160 24153 24163 D PresenceGatt: HELLO_RX addr=43:3B:38:FE:5C:19 bytes=215 ver=1 sid=16 nonce=32
03-14 14:48:00.168 24153 24163 D PresenceGatt: REPLY_TX addr=43:3B:38:FE:5C:19 ok=true bytes=311
03-14 14:48:00.175 24153 24163 E PresenceHandshake: PP_HANDSHAKE HANDSHAKE_COMPLETE peer=43:3B:38:FE:5C:19 rewardPeer=753c88d3-9fad-4b79-b686-108683dbcc7e|e11fe125-bacf-4485-8ccd-d0c353a3f965
03-14 14:48:00.175 24153 24163 E PresenceHandshake: PP_SUPPRESS cooldown peer=753c88d3-9fad-4b79-b686-108683dbcc7e|e11fe125-bacf-4485-8ccd-d0c353a3f965 cooldownMs=117317
03-14 14:48:00.256 24153 24163 D PresenceGatt: RESULT_RX addr=43:3B:38:FE:5C:19 bytes=2
03-14 14:48:00.257 24153 24163 E PresenceGatt: PP_HANDSHAKE HANDSHAKE_COMPLETE peer=43:3B:38:FE:5C:19
03-14 14:48:01.285 24153 24163 D PresenceGatt: onConnectionStateChange device=43:3B:38:FE:5C:19 status=0 newState=0
03-14 14:48:30.295 24153 24163 D PresenceGatt: onConnectionStateChange device=49:31:55:BB:65:53 status=0 newState=2
03-14 14:48:30.630 24153 24163 D PresenceGatt: CCCD device=49:31:55:BB:65:53 enabled=true
03-14 14:48:30.726 24153 24163 D PresenceGatt: HELLO_WRITE_REQ addr=49:31:55:BB:65:53 prepared=false responseNeeded=false offset=0 bytes=215
03-14 14:48:30.728 24153 24163 D PresenceGatt: HELLO_RX addr=49:31:55:BB:65:53 bytes=215 ver=1 sid=16 nonce=32
03-14 14:48:30.732 24153 24163 D PresenceGatt: REPLY_TX addr=49:31:55:BB:65:53 ok=true bytes=311
03-14 14:48:30.733 24153 24163 E PresenceHandshake: PP_HANDSHAKE HANDSHAKE_COMPLETE peer=49:31:55:BB:65:53 rewardPeer=753c88d3-9fad-4b79-b686-108683dbcc7e|e11fe125-bacf-4485-8ccd-d0c353a3f965
03-14 14:48:30.733 24153 24163 E PresenceHandshake: PP_SUPPRESS cooldown peer=753c88d3-9fad-4b79-b686-108683dbcc7e|e11fe125-bacf-4485-8ccd-d0c353a3f965 cooldownMs=86758
03-14 14:48:30.820 24153 24163 D PresenceGatt: RESULT_RX addr=49:31:55:BB:65:53 bytes=2
03-14 14:48:30.820 24153 24163 E PresenceGatt: PP_HANDSHAKE HANDSHAKE_COMPLETE peer=49:31:55:BB:65:53
03-14 14:48:31.852 24153 24163 D PresenceGatt: onConnectionStateChange device=49:31:55:BB:65:53 status=0 newState=0
03-14 14:49:00.562 24153 24163 D PresenceGatt: onConnectionStateChange device=6D:07:F0:24:EF:34 status=0 newState=2
03-14 14:49:00.900 24153 24163 D PresenceGatt: CCCD device=6D:07:F0:24:EF:34 enabled=true
03-14 14:49:01.005 24153 24163 D PresenceGatt: HELLO_WRITE_REQ addr=6D:07:F0:24:EF:34 prepared=false responseNeeded=false offset=0 bytes=215
03-14 14:49:01.007 24153 24163 D PresenceGatt: HELLO_RX addr=6D:07:F0:24:EF:34 bytes=215 ver=1 sid=16 nonce=32
03-14 14:49:01.013 24153 24163 D PresenceGatt: REPLY_TX addr=6D:07:F0:24:EF:34 ok=true bytes=311
03-14 14:49:01.015 24153 24163 E PresenceHandshake: PP_HANDSHAKE HANDSHAKE_COMPLETE peer=6D:07:F0:24:EF:34 rewardPeer=753c88d3-9fad-4b79-b686-108683dbcc7e|e11fe125-bacf-4485-8ccd-d0c353a3f965
03-14 14:49:01.015 24153 24163 E PresenceHandshake: PP_SUPPRESS cooldown peer=753c88d3-9fad-4b79-b686-108683dbcc7e|e11fe125-bacf-4485-8ccd-d0c353a3f965 cooldownMs=56477
03-14 14:49:01.192 24153 24163 D PresenceGatt: RESULT_RX addr=6D:07:F0:24:EF:34 bytes=2
03-14 14:49:01.192 24153 24163 E PresenceGatt: PP_HANDSHAKE HANDSHAKE_COMPLETE peer=6D:07:F0:24:EF:34
03-14 14:49:02.223 24153 24163 D PresenceGatt: onConnectionStateChange device=6D:07:F0:24:EF:34 status=0 newState=0
03-14 14:49:30.891 24153 24166 D PresenceGatt: onConnectionStateChange device=47:55:E4:86:EA:9B status=0 newState=2
03-14 14:49:31.227 24153 24166 D PresenceGatt: CCCD device=47:55:E4:86:EA:9B enabled=true
03-14 14:49:31.324 24153 24166 D PresenceGatt: HELLO_WRITE_REQ addr=47:55:E4:86:EA:9B prepared=false responseNeeded=false offset=0 bytes=215
03-14 14:49:31.327 24153 24166 D PresenceGatt: HELLO_RX addr=47:55:E4:86:EA:9B bytes=215 ver=1 sid=16 nonce=32
03-14 14:49:31.331 24153 24166 D PresenceGatt: REPLY_TX addr=47:55:E4:86:EA:9B ok=true bytes=311
03-14 14:49:31.333 24153 24166 E PresenceHandshake: PP_HANDSHAKE HANDSHAKE_COMPLETE peer=47:55:E4:86:EA:9B rewardPeer=753c88d3-9fad-4b79-b686-108683dbcc7e|e11fe125-bacf-4485-8ccd-d0c353a3f965
03-14 14:49:31.333 24153 24166 E PresenceHandshake: PP_SUPPRESS cooldown peer=753c88d3-9fad-4b79-b686-108683dbcc7e|e11fe125-bacf-4485-8ccd-d0c353a3f965 cooldownMs=26159
03-14 14:49:31.468 24153 24166 D PresenceGatt: RESULT_RX addr=47:55:E4:86:EA:9B bytes=2
03-14 14:49:31.468 24153 24166 E PresenceGatt: PP_HANDSHAKE HANDSHAKE_COMPLETE peer=47:55:E4:86:EA:9B
03-14 14:49:32.496 24153 24166 D PresenceGatt: onConnectionStateChange device=47:55:E4:86:EA:9B status=0 newState=0
03-14 14:50:01.410 24153 24166 D PresenceGatt: onConnectionStateChange device=6C:6F:77:F5:FD:4E status=0 newState=2
03-14 14:50:01.742 24153 24166 D PresenceGatt: CCCD device=6C:6F:77:F5:FD:4E enabled=true
03-14 14:50:01.841 24153 24166 D PresenceGatt: HELLO_WRITE_REQ addr=6C:6F:77:F5:FD:4E prepared=false responseNeeded=false offset=0 bytes=215
03-14 14:50:01.842 24153 24166 D PresenceGatt: HELLO_RX addr=6C:6F:77:F5:FD:4E bytes=215 ver=1 sid=16 nonce=32
03-14 14:50:01.849 24153 24166 D PresenceGatt: REPLY_TX addr=6C:6F:77:F5:FD:4E ok=true bytes=313
03-14 14:50:01.852 24153 24166 E PresenceHandshake: PP_HANDSHAKE HANDSHAKE_COMPLETE peer=6C:6F:77:F5:FD:4E rewardPeer=753c88d3-9fad-4b79-b686-108683dbcc7e|e11fe125-bacf-4485-8ccd-d0c353a3f965
03-14 14:50:01.852 24153 24166 E PresenceHandshake: PP_HANDSHAKE DEVICE_B_SIGNATURE peer=6C:6F:77:F5:FD:4E value=MEYCIQDObiuNmJvV1NUIsoYwL2fmLjuOjxRJ+PHX9AQJC9IhnAIhAO17LDwpar+/IVnrLqzYKl391bkGqT7DP0AMPgHrs0z4
03-14 14:50:01.854 24153 24166 E PresenceHandshake: PP_VERIFY deviceASignatureValid=false peer=6C:6F:77:F5:FD:4E
03-14 14:50:01.854 24153 24166 E PresenceHandshake: PP_VERIFY deviceBSignatureValid=true peer=6C:6F:77:F5:FD:4E
03-14 14:50:01.855 24153 24166 E PresenceHandshake: PP_TICKET GENERATED encounterId=f3302000-d834-aec9-bf46-75c8966b0b0b peer=753c88d3-9fad-4b79-b686-108683dbcc7e|e11fe125-bacf-4485-8ccd-d0c353a3f965
03-14 14:50:01.855 24153 24166 E PresenceHandshake: PP_TICKET JSON {"encounterId":"f3302000-d834-aec9-bf46-75c8966b0b0b","deviceAEphemeralKey":"ephemeral_missing","deviceBEphemeralKey":"753c88d3-9fad-4b79-b686-108683dbcc7e|e11fe125-bacf-4485-8ccd-d0c353a3f965","helloHash":"2dd5e9383fba9accd647a374bad1f52c4887a71a1ccde5dc295d32b91154e5d0","replyHash":"7180f9e00589c5cbf7bfce2fea06635b4dedf2c9ba8a3ba6fcd147b61290c9b5","handshakeTimestamp":1773453001000,"heartbeatId":118230200,"epochId":9852516,"heartbeatIndexInEpoch":8,"nonce":"9278d802-26eb-4605-a026-da185b8d9b13","protocolVersion":"presence_v1","appVersion":"0.1-server","deviceASignature":"device_a_sig_missing","deviceBSignature":"MEYCIQDObiuNmJvV1NUIsoYwL2fmLjuOjxRJ+PHX9AQJC9IhnAIhAO17LDwpar+/IVnrLqzYKl391bkGqT7DP0AMPgHrs0z4"}
03-14 14:50:01.857 24153 24166 E PresenceHandshake: PP_TICKET_PERSISTED encounterId=f3302000-d834-aec9-bf46-75c8966b0b0b peer=753c88d3-9fad-4b79-b686-108683dbcc7e|e11fe125-bacf-4485-8ccd-d0c353a3f965 ok=true
03-14 14:50:01.936 24153 24163 D PresenceGatt: RESULT_RX addr=6C:6F:77:F5:FD:4E bytes=2
03-14 14:50:01.936 24153 24163 E PresenceGatt: PP_HANDSHAKE HANDSHAKE_COMPLETE peer=6C:6F:77:F5:FD:4E
03-14 14:50:02.966 24153 24163 D PresenceGatt: onConnectionStateChange device=6C:6F:77:F5:FD:4E status=0 newState=0
