--------- beginning of main
03-14 14:15:58.222 22235 22235 E PresenceDiscovery: PP_DISCOVERY TARGET_MATCH addr=41:E1:4F:7E:8D:6C name=null rssi=-78 uuids=7d3a2d6b-9b7a-4f2a-9e5e-0c9d6f1b1c01 serviceData=none
03-14 14:15:58.222 22235 22235 E PresenceDiscovery: PP_DISCOVERY PEER_SEEN addr=41:E1:4F:7E:8D:6C rssi=-78
03-14 14:15:58.223 22235 22235 E PresenceHandshake: PP_HANDSHAKE CONNECT_START peer=41:E1:4F:7E:8D:6C
03-14 14:15:58.223 22235 22235 E PresenceHandshake: PP_CONFIG transportMode=CBOR ledgerCreditCooldownMs=300000
03-14 14:15:58.223 22235 22235 D PresenceGattClient: CLIENT_CONNECT addr=41:E1:4F:7E:8D:6C
03-14 14:15:58.626 22235 22249 D PresenceGattClient: CLIENT_STATE addr=41:E1:4F:7E:8D:6C status=0 newState=2
03-14 14:15:58.626 22235 22249 E PresenceHandshake: PP_HANDSHAKE GATT_CONNECTED peer=41:E1:4F:7E:8D:6C
03-14 14:15:58.629 22235 22249 D PresenceGattClient: REQUEST_MTU addr=41:E1:4F:7E:8D:6C ok=true requested=185
03-14 14:15:58.942 22235 22235 E PP_BLE  : VM: toggle handler entered
03-14 14:15:58.942 22235 22235 E PP_BLE  : VM: BLE_ROLE=BOTH next=false
03-14 14:15:58.942 22235 22235 E PP_BLE  : VM: toggle OFF -> disabling server + discovery
03-14 14:15:58.982 22235 22249 D PresenceGattClient: MTU_CHANGED addr=41:E1:4F:7E:8D:6C mtu=517 status=0
03-14 14:15:58.984 22235 22249 D PresenceGattClient: DISCOVER_SERVICES_AFTER_MTU addr=41:E1:4F:7E:8D:6C ok=true
03-14 14:15:58.986 22235 22249 E PresenceHandshake: PP_HANDSHAKE SERVICES_DISCOVERED peer=41:E1:4F:7E:8D:6C
03-14 14:15:58.986 22235 22249 D PresenceGattClient: DISCOVERED_SERVICE addr=41:E1:4F:7E:8D:6C uuid=00001801-0000-1000-8000-00805f9b34fb
03-14 14:15:58.986 22235 22249 D PresenceGattClient: DISCOVERED_CHAR addr=41:E1:4F:7E:8D:6C service=00001801-0000-1000-8000-00805f9b34fb uuid=00002a05-0000-1000-8000-00805f9b34fb
03-14 14:15:58.986 22235 22249 D PresenceGattClient: DISCOVERED_CHAR addr=41:E1:4F:7E:8D:6C service=00001801-0000-1000-8000-00805f9b34fb uuid=00002b3a-0000-1000-8000-00805f9b34fb
03-14 14:15:58.986 22235 22249 D PresenceGattClient: DISCOVERED_CHAR addr=41:E1:4F:7E:8D:6C service=00001801-0000-1000-8000-00805f9b34fb uuid=00002b29-0000-1000-8000-00805f9b34fb
03-14 14:15:58.987 22235 22249 D PresenceGattClient: DISCOVERED_CHAR addr=41:E1:4F:7E:8D:6C service=00001801-0000-1000-8000-00805f9b34fb uuid=00002b2a-0000-1000-8000-00805f9b34fb
03-14 14:15:58.987 22235 22249 D PresenceGattClient: DISCOVERED_SERVICE addr=41:E1:4F:7E:8D:6C uuid=00001800-0000-1000-8000-00805f9b34fb
03-14 14:15:58.987 22235 22249 D PresenceGattClient: DISCOVERED_CHAR addr=41:E1:4F:7E:8D:6C service=00001800-0000-1000-8000-00805f9b34fb uuid=00002a00-0000-1000-8000-00805f9b34fb
03-14 14:15:58.987 22235 22249 D PresenceGattClient: DISCOVERED_CHAR addr=41:E1:4F:7E:8D:6C service=00001800-0000-1000-8000-00805f9b34fb uuid=00002a01-0000-1000-8000-00805f9b34fb
03-14 14:15:58.987 22235 22249 D PresenceGattClient: DISCOVERED_CHAR addr=41:E1:4F:7E:8D:6C service=00001800-0000-1000-8000-00805f9b34fb uuid=00002aa6-0000-1000-8000-00805f9b34fb
03-14 14:15:58.987 22235 22249 D PresenceGattClient: DISCOVERED_SERVICE addr=41:E1:4F:7E:8D:6C uuid=594a34fc-31db-11ea-978f-2e728ce88125
03-14 14:15:58.987 22235 22249 D PresenceGattClient: DISCOVERED_CHAR addr=41:E1:4F:7E:8D:6C service=594a34fc-31db-11ea-978f-2e728ce88125 uuid=594a36e6-31db-11ea-978f-2e728ce88125
03-14 14:15:58.987 22235 22249 D PresenceGattClient: DISCOVERED_CHAR addr=41:E1:4F:7E:8D:6C service=594a34fc-31db-11ea-978f-2e728ce88125 uuid=594a3010-31db-11ea-978f-2e728ce88125
03-14 14:15:58.988 22235 22249 D PresenceGattClient: DISCOVERED_SERVICE addr=41:E1:4F:7E:8D:6C uuid=7d3a2d6b-9b7a-4f2a-9e5e-0c9d6f1b1c01
03-14 14:15:58.988 22235 22249 D PresenceGattClient: DISCOVERED_CHAR addr=41:E1:4F:7E:8D:6C service=7d3a2d6b-9b7a-4f2a-9e5e-0c9d6f1b1c01 uuid=7d3a2d6b-9b7a-4f2a-9e5e-0c9d6f1b1c02
03-14 14:15:58.988 22235 22249 D PresenceGattClient: DISCOVERED_CHAR addr=41:E1:4F:7E:8D:6C service=7d3a2d6b-9b7a-4f2a-9e5e-0c9d6f1b1c01 uuid=7d3a2d6b-9b7a-4f2a-9e5e-0c9d6f1b1c03
03-14 14:15:58.988 22235 22249 D PresenceGattClient: DISCOVERED_CHAR addr=41:E1:4F:7E:8D:6C service=7d3a2d6b-9b7a-4f2a-9e5e-0c9d6f1b1c01 uuid=7d3a2d6b-9b7a-4f2a-9e5e-0c9d6f1b1c04
03-14 14:15:58.988 22235 22249 D PresenceGattClient: SERVICE_LOOKUP addr=41:E1:4F:7E:8D:6C serviceFound=true replyFound=true helloFound=true
03-14 14:15:59.080 22235 22249 D PresenceGattClient: CCCD_TX addr=41:E1:4F:7E:8D:6C status=0
03-14 14:15:59.084 22235 22249 D PresenceGattClient: HELLO_BUILD addr=41:E1:4F:7E:8D:6C mode=CBOR bytes=215 hash=3641e7cd0920b323fb7a01df4f3a226b970cde043f866b92805575fe1495855c
03-14 14:15:59.084 22235 22249 D PresenceGattClient: HELLO_WRITE_REQUEST addr=41:E1:4F:7E:8D:6C writeType=1 bytes=215
03-14 14:15:59.088 22235 22249 D PresenceGattClient: HELLO_TX addr=41:E1:4F:7E:8D:6C status=0 bytes=215
03-14 14:15:59.088 22235 22249 E PresenceHandshake: PP_HANDSHAKE CHAR_WRITE peer=41:E1:4F:7E:8D:6C
03-14 14:15:59.157 22235 22235 E PP_BLE  : VM: toggle handler entered
03-14 14:15:59.157 22235 22235 E PP_BLE  : VM: BLE_ROLE=BOTH next=true
03-14 14:15:59.157 22235 22235 E PP_BLE  : VM: starting DISCOVERY + GATT SERVER
03-14 14:15:59.163 22235 22235 E PresenceDiscovery: PP_DISCOVERY: start() -> PP_DISCOVERY START 
03-14 14:15:59.165 22235 22235 E PresenceDiscovery: PP_DISCOVERY: startAdvertising() -> PP_DISCOVERY START_ADVERTISE
03-14 14:15:59.174 22235 22235 E PresenceDiscovery: PP_DISCOVERY: startScanning() -> PP_DISCOVERY START_SCAN filters=BluetoothLeScanFilter [mDeviceName=null, mDeviceAddress=null, mUuid=7d3a2d6b-9b7a-4f2a-9e5e-0c9d6f1b1c01, mUuidMask=null, mServiceSolicitationUuid=null, mServiceSolicitationUuidMask=null, mServiceDataUuid=null, mServiceData=null, mServiceDataMask=null, mManufacturerId=-1, mManufacturerData=null, mManufacturerDataMask=null, mAdvertisingDataType=-1, mAdvertisingData=null, mAdvertisingDataMask=null, mTransportBlockFilter=null]
03-14 14:15:59.226 22235 22247 D PresenceGattClient: REPLY_RX addr=41:E1:4F:7E:8D:6C bytes=312
03-14 14:15:59.229 22235 22247 E PresenceHandshake: PP_HANDSHAKE NOTIFY_RECEIVED peer=41:E1:4F:7E:8D:6C
03-14 14:15:59.229 22235 22247 E PresenceHandshake: PP_HANDSHAKE HANDSHAKE_COMPLETE peer=41:E1:4F:7E:8D:6C rewardPeer=8f10bdaf-65c3-4fbe-a065-ebafc37c2aab|929e08b9-cfb7-4f64-92b7-d4581516da7d
03-14 14:15:59.229 22235 22247 E PresenceHandshake: PP_SUPPRESS cooldown peer=8f10bdaf-65c3-4fbe-a065-ebafc37c2aab|929e08b9-cfb7-4f64-92b7-d4581516da7d cooldownMs=237418
03-14 14:15:59.232 22235 22247 D PresenceGattClient: RESULT_TX addr=41:E1:4F:7E:8D:6C ok=true bytes=2
03-14 14:15:59.233 22235 22247 D PresenceGattClient: RESULT_TX addr=41:E1:4F:7E:8D:6C status=0
03-14 14:15:59.233 22235 22247 E PresenceGattClient: PP_HANDSHAKE HANDSHAKE_COMPLETE peer=41:E1:4F:7E:8D:6C
03-14 14:15:59.233 22235 22247 D PresenceGattClient: CLIENT_CLEANUP reason=handshake complete addr=41:E1:4F:7E:8D:6C
03-14 14:16:28.658 22235 22235 E PresenceHandshake: PP_HANDSHAKE CONNECT_START peer=41:E1:4F:7E:8D:6C
03-14 14:16:28.658 22235 22235 E PresenceHandshake: PP_CONFIG transportMode=CBOR ledgerCreditCooldownMs=300000
03-14 14:16:28.658 22235 22235 D PresenceGattClient: CLIENT_CONNECT addr=41:E1:4F:7E:8D:6C
03-14 14:16:29.244 22235 22247 D PresenceGattClient: CLIENT_STATE addr=41:E1:4F:7E:8D:6C status=0 newState=2
03-14 14:16:29.244 22235 22247 E PresenceHandshake: PP_HANDSHAKE GATT_CONNECTED peer=41:E1:4F:7E:8D:6C
03-14 14:16:29.247 22235 22247 D PresenceGattClient: REQUEST_MTU addr=41:E1:4F:7E:8D:6C ok=true requested=185
03-14 14:16:29.503 22235 22247 D PresenceGattClient: MTU_CHANGED addr=41:E1:4F:7E:8D:6C mtu=517 status=0
03-14 14:16:29.506 22235 22247 D PresenceGattClient: DISCOVER_SERVICES_AFTER_MTU addr=41:E1:4F:7E:8D:6C ok=true
03-14 14:16:29.511 22235 22247 E PresenceHandshake: PP_HANDSHAKE SERVICES_DISCOVERED peer=41:E1:4F:7E:8D:6C
03-14 14:16:29.511 22235 22247 D PresenceGattClient: DISCOVERED_SERVICE addr=41:E1:4F:7E:8D:6C uuid=00001801-0000-1000-8000-00805f9b34fb
03-14 14:16:29.512 22235 22247 D PresenceGattClient: DISCOVERED_CHAR addr=41:E1:4F:7E:8D:6C service=00001801-0000-1000-8000-00805f9b34fb uuid=00002a05-0000-1000-8000-00805f9b34fb
03-14 14:16:29.512 22235 22247 D PresenceGattClient: DISCOVERED_CHAR addr=41:E1:4F:7E:8D:6C service=00001801-0000-1000-8000-00805f9b34fb uuid=00002b3a-0000-1000-8000-00805f9b34fb
03-14 14:16:29.512 22235 22247 D PresenceGattClient: DISCOVERED_CHAR addr=41:E1:4F:7E:8D:6C service=00001801-0000-1000-8000-00805f9b34fb uuid=00002b29-0000-1000-8000-00805f9b34fb
03-14 14:16:29.513 22235 22247 D PresenceGattClient: DISCOVERED_CHAR addr=41:E1:4F:7E:8D:6C service=00001801-0000-1000-8000-00805f9b34fb uuid=00002b2a-0000-1000-8000-00805f9b34fb
03-14 14:16:29.513 22235 22247 D PresenceGattClient: DISCOVERED_SERVICE addr=41:E1:4F:7E:8D:6C uuid=00001800-0000-1000-8000-00805f9b34fb
03-14 14:16:29.513 22235 22247 D PresenceGattClient: DISCOVERED_CHAR addr=41:E1:4F:7E:8D:6C service=00001800-0000-1000-8000-00805f9b34fb uuid=00002a00-0000-1000-8000-00805f9b34fb
03-14 14:16:29.513 22235 22247 D PresenceGattClient: DISCOVERED_CHAR addr=41:E1:4F:7E:8D:6C service=00001800-0000-1000-8000-00805f9b34fb uuid=00002a01-0000-1000-8000-00805f9b34fb
03-14 14:16:29.514 22235 22247 D PresenceGattClient: DISCOVERED_CHAR addr=41:E1:4F:7E:8D:6C service=00001800-0000-1000-8000-00805f9b34fb uuid=00002aa6-0000-1000-8000-00805f9b34fb
03-14 14:16:29.514 22235 22247 D PresenceGattClient: DISCOVERED_SERVICE addr=41:E1:4F:7E:8D:6C uuid=594a34fc-31db-11ea-978f-2e728ce88125
03-14 14:16:29.514 22235 22247 D PresenceGattClient: DISCOVERED_CHAR addr=41:E1:4F:7E:8D:6C service=594a34fc-31db-11ea-978f-2e728ce88125 uuid=594a36e6-31db-11ea-978f-2e728ce88125
03-14 14:16:29.515 22235 22247 D PresenceGattClient: DISCOVERED_CHAR addr=41:E1:4F:7E:8D:6C service=594a34fc-31db-11ea-978f-2e728ce88125 uuid=594a3010-31db-11ea-978f-2e728ce88125
03-14 14:16:29.516 22235 22247 D PresenceGattClient: DISCOVERED_SERVICE addr=41:E1:4F:7E:8D:6C uuid=7d3a2d6b-9b7a-4f2a-9e5e-0c9d6f1b1c01
03-14 14:16:29.516 22235 22247 D PresenceGattClient: DISCOVERED_CHAR addr=41:E1:4F:7E:8D:6C service=7d3a2d6b-9b7a-4f2a-9e5e-0c9d6f1b1c01 uuid=7d3a2d6b-9b7a-4f2a-9e5e-0c9d6f1b1c02
03-14 14:16:29.517 22235 22247 D PresenceGattClient: DISCOVERED_CHAR addr=41:E1:4F:7E:8D:6C service=7d3a2d6b-9b7a-4f2a-9e5e-0c9d6f1b1c01 uuid=7d3a2d6b-9b7a-4f2a-9e5e-0c9d6f1b1c03
03-14 14:16:29.518 22235 22247 D PresenceGattClient: DISCOVERED_CHAR addr=41:E1:4F:7E:8D:6C service=7d3a2d6b-9b7a-4f2a-9e5e-0c9d6f1b1c01 uuid=7d3a2d6b-9b7a-4f2a-9e5e-0c9d6f1b1c04
03-14 14:16:29.518 22235 22247 D PresenceGattClient: SERVICE_LOOKUP addr=41:E1:4F:7E:8D:6C serviceFound=true replyFound=true helloFound=true
03-14 14:16:29.601 22235 22247 D PresenceGattClient: CCCD_TX addr=41:E1:4F:7E:8D:6C status=0
03-14 14:16:29.609 22235 22247 D PresenceGattClient: HELLO_BUILD addr=41:E1:4F:7E:8D:6C mode=CBOR bytes=215 hash=2b2cc2ccac97ceb5e0dcf54355c5a5481fb6d2b914fdbedf3bbd634547aca3bd
03-14 14:16:29.609 22235 22247 D PresenceGattClient: HELLO_WRITE_REQUEST addr=41:E1:4F:7E:8D:6C writeType=1 bytes=215
03-14 14:16:29.629 22235 22247 D PresenceGattClient: HELLO_TX addr=41:E1:4F:7E:8D:6C status=0 bytes=215
03-14 14:16:29.629 22235 22247 E PresenceHandshake: PP_HANDSHAKE CHAR_WRITE peer=41:E1:4F:7E:8D:6C
03-14 14:16:29.700 22235 22247 D PresenceGattClient: REPLY_RX addr=41:E1:4F:7E:8D:6C bytes=312
03-14 14:16:29.715 22235 22247 E PresenceHandshake: PP_HANDSHAKE NOTIFY_RECEIVED peer=41:E1:4F:7E:8D:6C
03-14 14:16:29.715 22235 22247 E PresenceHandshake: PP_HANDSHAKE HANDSHAKE_COMPLETE peer=41:E1:4F:7E:8D:6C rewardPeer=8f10bdaf-65c3-4fbe-a065-ebafc37c2aab|929e08b9-cfb7-4f64-92b7-d4581516da7d
03-14 14:16:29.716 22235 22247 E PresenceHandshake: PP_SUPPRESS cooldown peer=8f10bdaf-65c3-4fbe-a065-ebafc37c2aab|929e08b9-cfb7-4f64-92b7-d4581516da7d cooldownMs=206932
03-14 14:16:29.718 22235 22247 D PresenceGattClient: RESULT_TX addr=41:E1:4F:7E:8D:6C ok=true bytes=2
03-14 14:16:29.720 22235 22247 D PresenceGattClient: RESULT_TX addr=41:E1:4F:7E:8D:6C status=0
03-14 14:16:29.720 22235 22247 E PresenceGattClient: PP_HANDSHAKE HANDSHAKE_COMPLETE peer=41:E1:4F:7E:8D:6C
03-14 14:16:29.720 22235 22247 D PresenceGattClient: CLIENT_CLEANUP reason=handshake complete addr=41:E1:4F:7E:8D:6C
03-14 14:16:58.746 22235 22235 E PresenceHandshake: PP_HANDSHAKE CONNECT_START peer=41:E1:4F:7E:8D:6C
03-14 14:16:58.746 22235 22235 E PresenceHandshake: PP_CONFIG transportMode=CBOR ledgerCreditCooldownMs=300000
03-14 14:16:58.746 22235 22235 D PresenceGattClient: CLIENT_CONNECT addr=41:E1:4F:7E:8D:6C
03-14 14:16:59.129 22235 22247 D PresenceGattClient: CLIENT_STATE addr=41:E1:4F:7E:8D:6C status=0 newState=2
03-14 14:16:59.129 22235 22247 E PresenceHandshake: PP_HANDSHAKE GATT_CONNECTED peer=41:E1:4F:7E:8D:6C
03-14 14:16:59.134 22235 22247 D PresenceGattClient: REQUEST_MTU addr=41:E1:4F:7E:8D:6C ok=true requested=185
03-14 14:16:59.388 22235 22247 D PresenceGattClient: MTU_CHANGED addr=41:E1:4F:7E:8D:6C mtu=517 status=0
03-14 14:16:59.392 22235 22247 D PresenceGattClient: DISCOVER_SERVICES_AFTER_MTU addr=41:E1:4F:7E:8D:6C ok=true
03-14 14:16:59.398 22235 22247 E PresenceHandshake: PP_HANDSHAKE SERVICES_DISCOVERED peer=41:E1:4F:7E:8D:6C
03-14 14:16:59.398 22235 22247 D PresenceGattClient: DISCOVERED_SERVICE addr=41:E1:4F:7E:8D:6C uuid=00001801-0000-1000-8000-00805f9b34fb
03-14 14:16:59.399 22235 22247 D PresenceGattClient: DISCOVERED_CHAR addr=41:E1:4F:7E:8D:6C service=00001801-0000-1000-8000-00805f9b34fb uuid=00002a05-0000-1000-8000-00805f9b34fb
03-14 14:16:59.400 22235 22247 D PresenceGattClient: DISCOVERED_CHAR addr=41:E1:4F:7E:8D:6C service=00001801-0000-1000-8000-00805f9b34fb uuid=00002b3a-0000-1000-8000-00805f9b34fb
03-14 14:16:59.401 22235 22247 D PresenceGattClient: DISCOVERED_CHAR addr=41:E1:4F:7E:8D:6C service=00001801-0000-1000-8000-00805f9b34fb uuid=00002b29-0000-1000-8000-00805f9b34fb
03-14 14:16:59.402 22235 22247 D PresenceGattClient: DISCOVERED_CHAR addr=41:E1:4F:7E:8D:6C service=00001801-0000-1000-8000-00805f9b34fb uuid=00002b2a-0000-1000-8000-00805f9b34fb
03-14 14:16:59.403 22235 22247 D PresenceGattClient: DISCOVERED_SERVICE addr=41:E1:4F:7E:8D:6C uuid=00001800-0000-1000-8000-00805f9b34fb
03-14 14:16:59.404 22235 22247 D PresenceGattClient: DISCOVERED_CHAR addr=41:E1:4F:7E:8D:6C service=00001800-0000-1000-8000-00805f9b34fb uuid=00002a00-0000-1000-8000-00805f9b34fb
03-14 14:16:59.405 22235 22247 D PresenceGattClient: DISCOVERED_CHAR addr=41:E1:4F:7E:8D:6C service=00001800-0000-1000-8000-00805f9b34fb uuid=00002a01-0000-1000-8000-00805f9b34fb
03-14 14:16:59.406 22235 22247 D PresenceGattClient: DISCOVERED_CHAR addr=41:E1:4F:7E:8D:6C service=00001800-0000-1000-8000-00805f9b34fb uuid=00002aa6-0000-1000-8000-00805f9b34fb
03-14 14:16:59.406 22235 22247 D PresenceGattClient: DISCOVERED_SERVICE addr=41:E1:4F:7E:8D:6C uuid=594a34fc-31db-11ea-978f-2e728ce88125
03-14 14:16:59.407 22235 22247 D PresenceGattClient: DISCOVERED_CHAR addr=41:E1:4F:7E:8D:6C service=594a34fc-31db-11ea-978f-2e728ce88125 uuid=594a36e6-31db-11ea-978f-2e728ce88125
03-14 14:16:59.407 22235 22247 D PresenceGattClient: DISCOVERED_CHAR addr=41:E1:4F:7E:8D:6C service=594a34fc-31db-11ea-978f-2e728ce88125 uuid=594a3010-31db-11ea-978f-2e728ce88125
03-14 14:16:59.408 22235 22247 D PresenceGattClient: DISCOVERED_SERVICE addr=41:E1:4F:7E:8D:6C uuid=7d3a2d6b-9b7a-4f2a-9e5e-0c9d6f1b1c01
03-14 14:16:59.408 22235 22247 D PresenceGattClient: DISCOVERED_CHAR addr=41:E1:4F:7E:8D:6C service=7d3a2d6b-9b7a-4f2a-9e5e-0c9d6f1b1c01 uuid=7d3a2d6b-9b7a-4f2a-9e5e-0c9d6f1b1c02
03-14 14:16:59.409 22235 22247 D PresenceGattClient: DISCOVERED_CHAR addr=41:E1:4F:7E:8D:6C service=7d3a2d6b-9b7a-4f2a-9e5e-0c9d6f1b1c01 uuid=7d3a2d6b-9b7a-4f2a-9e5e-0c9d6f1b1c03
03-14 14:16:59.409 22235 22247 D PresenceGattClient: DISCOVERED_CHAR addr=41:E1:4F:7E:8D:6C service=7d3a2d6b-9b7a-4f2a-9e5e-0c9d6f1b1c01 uuid=7d3a2d6b-9b7a-4f2a-9e5e-0c9d6f1b1c04
03-14 14:16:59.410 22235 22247 D PresenceGattClient: SERVICE_LOOKUP addr=41:E1:4F:7E:8D:6C serviceFound=true replyFound=true helloFound=true
03-14 14:16:59.484 22235 22247 D PresenceGattClient: CCCD_TX addr=41:E1:4F:7E:8D:6C status=0
03-14 14:16:59.486 22235 22247 D PresenceGattClient: HELLO_BUILD addr=41:E1:4F:7E:8D:6C mode=CBOR bytes=215 hash=3830bff08d942ae9e13b2ef08816478dbd01454fdfd852dcd0dd1f3d61512518
03-14 14:16:59.486 22235 22247 D PresenceGattClient: HELLO_WRITE_REQUEST addr=41:E1:4F:7E:8D:6C writeType=1 bytes=215
03-14 14:16:59.491 22235 22247 D PresenceGattClient: HELLO_TX addr=41:E1:4F:7E:8D:6C status=0 bytes=215
03-14 14:16:59.491 22235 22247 E PresenceHandshake: PP_HANDSHAKE CHAR_WRITE peer=41:E1:4F:7E:8D:6C
03-14 14:16:59.633 22235 22247 D PresenceGattClient: REPLY_RX addr=41:E1:4F:7E:8D:6C bytes=311
03-14 14:16:59.637 22235 22247 E PresenceHandshake: PP_HANDSHAKE NOTIFY_RECEIVED peer=41:E1:4F:7E:8D:6C
03-14 14:16:59.637 22235 22247 E PresenceHandshake: PP_HANDSHAKE HANDSHAKE_COMPLETE peer=41:E1:4F:7E:8D:6C rewardPeer=8f10bdaf-65c3-4fbe-a065-ebafc37c2aab|929e08b9-cfb7-4f64-92b7-d4581516da7d
03-14 14:16:59.637 22235 22247 E PresenceHandshake: PP_SUPPRESS cooldown peer=8f10bdaf-65c3-4fbe-a065-ebafc37c2aab|929e08b9-cfb7-4f64-92b7-d4581516da7d cooldownMs=177011
03-14 14:16:59.639 22235 22247 D PresenceGattClient: RESULT_TX addr=41:E1:4F:7E:8D:6C ok=true bytes=2
03-14 14:16:59.642 22235 22247 D PresenceGattClient: RESULT_TX addr=41:E1:4F:7E:8D:6C status=0
03-14 14:16:59.642 22235 22247 E PresenceGattClient: PP_HANDSHAKE HANDSHAKE_COMPLETE peer=41:E1:4F:7E:8D:6C
03-14 14:16:59.642 22235 22247 D PresenceGattClient: CLIENT_CLEANUP reason=handshake complete addr=41:E1:4F:7E:8D:6C
03-14 14:17:28.842 22235 22235 E PresenceHandshake: PP_HANDSHAKE CONNECT_START peer=41:E1:4F:7E:8D:6C
03-14 14:17:28.842 22235 22235 E PresenceHandshake: PP_CONFIG transportMode=CBOR ledgerCreditCooldownMs=300000
03-14 14:17:28.843 22235 22235 D PresenceGattClient: CLIENT_CONNECT addr=41:E1:4F:7E:8D:6C
03-14 14:17:29.401 22235 22247 D PresenceGattClient: CLIENT_STATE addr=41:E1:4F:7E:8D:6C status=0 newState=2
03-14 14:17:29.401 22235 22247 E PresenceHandshake: PP_HANDSHAKE GATT_CONNECTED peer=41:E1:4F:7E:8D:6C
03-14 14:17:29.406 22235 22247 D PresenceGattClient: REQUEST_MTU addr=41:E1:4F:7E:8D:6C ok=true requested=185
03-14 14:17:29.663 22235 22249 D PresenceGattClient: MTU_CHANGED addr=41:E1:4F:7E:8D:6C mtu=517 status=0
03-14 14:17:29.668 22235 22249 D PresenceGattClient: DISCOVER_SERVICES_AFTER_MTU addr=41:E1:4F:7E:8D:6C ok=true
03-14 14:17:29.673 22235 22249 E PresenceHandshake: PP_HANDSHAKE SERVICES_DISCOVERED peer=41:E1:4F:7E:8D:6C
03-14 14:17:29.674 22235 22249 D PresenceGattClient: DISCOVERED_SERVICE addr=41:E1:4F:7E:8D:6C uuid=00001801-0000-1000-8000-00805f9b34fb
03-14 14:17:29.676 22235 22249 D PresenceGattClient: DISCOVERED_CHAR addr=41:E1:4F:7E:8D:6C service=00001801-0000-1000-8000-00805f9b34fb uuid=00002a05-0000-1000-8000-00805f9b34fb
03-14 14:17:29.676 22235 22249 D PresenceGattClient: DISCOVERED_CHAR addr=41:E1:4F:7E:8D:6C service=00001801-0000-1000-8000-00805f9b34fb uuid=00002b3a-0000-1000-8000-00805f9b34fb
03-14 14:17:29.677 22235 22249 D PresenceGattClient: DISCOVERED_CHAR addr=41:E1:4F:7E:8D:6C service=00001801-0000-1000-8000-00805f9b34fb uuid=00002b29-0000-1000-8000-00805f9b34fb
03-14 14:17:29.677 22235 22249 D PresenceGattClient: DISCOVERED_CHAR addr=41:E1:4F:7E:8D:6C service=00001801-0000-1000-8000-00805f9b34fb uuid=00002b2a-0000-1000-8000-00805f9b34fb
03-14 14:17:29.678 22235 22249 D PresenceGattClient: DISCOVERED_SERVICE addr=41:E1:4F:7E:8D:6C uuid=00001800-0000-1000-8000-00805f9b34fb
03-14 14:17:29.678 22235 22249 D PresenceGattClient: DISCOVERED_CHAR addr=41:E1:4F:7E:8D:6C service=00001800-0000-1000-8000-00805f9b34fb uuid=00002a00-0000-1000-8000-00805f9b34fb
03-14 14:17:29.679 22235 22249 D PresenceGattClient: DISCOVERED_CHAR addr=41:E1:4F:7E:8D:6C service=00001800-0000-1000-8000-00805f9b34fb uuid=00002a01-0000-1000-8000-00805f9b34fb
03-14 14:17:29.680 22235 22249 D PresenceGattClient: DISCOVERED_CHAR addr=41:E1:4F:7E:8D:6C service=00001800-0000-1000-8000-00805f9b34fb uuid=00002aa6-0000-1000-8000-00805f9b34fb
03-14 14:17:29.680 22235 22249 D PresenceGattClient: DISCOVERED_SERVICE addr=41:E1:4F:7E:8D:6C uuid=594a34fc-31db-11ea-978f-2e728ce88125
03-14 14:17:29.681 22235 22249 D PresenceGattClient: DISCOVERED_CHAR addr=41:E1:4F:7E:8D:6C service=594a34fc-31db-11ea-978f-2e728ce88125 uuid=594a36e6-31db-11ea-978f-2e728ce88125
03-14 14:17:29.682 22235 22249 D PresenceGattClient: DISCOVERED_CHAR addr=41:E1:4F:7E:8D:6C service=594a34fc-31db-11ea-978f-2e728ce88125 uuid=594a3010-31db-11ea-978f-2e728ce88125
03-14 14:17:29.683 22235 22249 D PresenceGattClient: DISCOVERED_SERVICE addr=41:E1:4F:7E:8D:6C uuid=7d3a2d6b-9b7a-4f2a-9e5e-0c9d6f1b1c01
03-14 14:17:29.683 22235 22249 D PresenceGattClient: DISCOVERED_CHAR addr=41:E1:4F:7E:8D:6C service=7d3a2d6b-9b7a-4f2a-9e5e-0c9d6f1b1c01 uuid=7d3a2d6b-9b7a-4f2a-9e5e-0c9d6f1b1c02
03-14 14:17:29.684 22235 22249 D PresenceGattClient: DISCOVERED_CHAR addr=41:E1:4F:7E:8D:6C service=7d3a2d6b-9b7a-4f2a-9e5e-0c9d6f1b1c01 uuid=7d3a2d6b-9b7a-4f2a-9e5e-0c9d6f1b1c03
03-14 14:17:29.684 22235 22249 D PresenceGattClient: DISCOVERED_CHAR addr=41:E1:4F:7E:8D:6C service=7d3a2d6b-9b7a-4f2a-9e5e-0c9d6f1b1c01 uuid=7d3a2d6b-9b7a-4f2a-9e5e-0c9d6f1b1c04
03-14 14:17:29.685 22235 22249 D PresenceGattClient: SERVICE_LOOKUP addr=41:E1:4F:7E:8D:6C serviceFound=true replyFound=true helloFound=true
03-14 14:17:29.756 22235 22249 D PresenceGattClient: CCCD_TX addr=41:E1:4F:7E:8D:6C status=0
03-14 14:17:29.763 22235 22249 D PresenceGattClient: HELLO_BUILD addr=41:E1:4F:7E:8D:6C mode=CBOR bytes=215 hash=bb9a357a7971f3e4717800ec76435c16f206e47fb4d335dd1a26c3fd3d9f157f
03-14 14:17:29.763 22235 22249 D PresenceGattClient: HELLO_WRITE_REQUEST addr=41:E1:4F:7E:8D:6C writeType=1 bytes=215
03-14 14:17:29.769 22235 22249 D PresenceGattClient: HELLO_TX addr=41:E1:4F:7E:8D:6C status=0 bytes=215
03-14 14:17:29.769 22235 22249 E PresenceHandshake: PP_HANDSHAKE CHAR_WRITE peer=41:E1:4F:7E:8D:6C
03-14 14:17:29.907 22235 22249 D PresenceGattClient: REPLY_RX addr=41:E1:4F:7E:8D:6C bytes=313
03-14 14:17:29.918 22235 22249 E PresenceHandshake: PP_HANDSHAKE NOTIFY_RECEIVED peer=41:E1:4F:7E:8D:6C
03-14 14:17:29.918 22235 22249 E PresenceHandshake: PP_HANDSHAKE HANDSHAKE_COMPLETE peer=41:E1:4F:7E:8D:6C rewardPeer=8f10bdaf-65c3-4fbe-a065-ebafc37c2aab|929e08b9-cfb7-4f64-92b7-d4581516da7d
03-14 14:17:29.918 22235 22249 E PresenceHandshake: PP_SUPPRESS cooldown peer=8f10bdaf-65c3-4fbe-a065-ebafc37c2aab|929e08b9-cfb7-4f64-92b7-d4581516da7d cooldownMs=146729
03-14 14:17:29.922 22235 22249 D PresenceGattClient: RESULT_TX addr=41:E1:4F:7E:8D:6C ok=true bytes=2
03-14 14:17:29.924 22235 22249 D PresenceGattClient: RESULT_TX addr=41:E1:4F:7E:8D:6C status=0
03-14 14:17:29.924 22235 22249 E PresenceGattClient: PP_HANDSHAKE HANDSHAKE_COMPLETE peer=41:E1:4F:7E:8D:6C
03-14 14:17:29.924 22235 22249 D PresenceGattClient: CLIENT_CLEANUP reason=handshake complete addr=41:E1:4F:7E:8D:6C
